../Core/Src/main.c:57:6:PCA9685_CheckPresence	40	static
../Core/Src/main.c:82:6:PCA_Init	32	static
../Core/Src/main.c:106:6:PCA_SetPWM	32	static
../Core/Src/main.c:118:9:platform_write	40	static
../Core/Src/main.c:123:9:platform_read	40	static
../Core/Src/main.c:128:5:_write	24	static
../Core/Src/main.c:133:6:setServoAngle	24	static
../Core/Src/main.c:147:6:processSerialCommand	40	static
../Core/Src/main.c:165:6:updateLEDActivity	16	static
../Core/Src/main.c:175:5:main	16	static
../Core/Src/main.c:237:6:SystemClock_Config	120	static
../Core/Src/main.c:291:6:PeriphCommonClock_Config	200	static
../Core/Src/main.c:318:13:MX_ADC1_Init	48	static
../Core/Src/main.c:387:13:MX_ADC2_Init	40	static
../Core/Src/main.c:447:13:MX_ADC3_Init	40	static
../Core/Src/main.c:507:13:MX_I2C1_Init	8	static
../Core/Src/main.c:555:13:MX_USART1_UART_Init	8	static
../Core/Src/main.c:603:13:MX_GPIO_Init	56	static
../Core/Src/main.c:700:6:MPU_Config	24	static
../Core/Src/main.c:731:6:Error_Handler	4	static,ignoring_inline_asm
