../Core/Src/main.c:84:5:_write	1
../Core/Src/main.c:91:13:uart_poll	9
../Core/Src/main.c:122:13:process_command	17
../Core/Src/main.c:176:13:center_all_servos	2
../Core/Src/main.c:186:5:main	10
../Core/Src/main.c:291:6:SystemClock_Config	4
../Core/Src/main.c:325:6:PeriphCommonClock_Config	2
../Core/Src/main.c:345:13:MX_ADC1_Init	4
../Core/Src/main.c:384:13:MX_ADC2_Init	3
../Core/Src/main.c:419:13:MX_ADC3_Init	3
../Core/Src/main.c:454:13:MX_I2C1_Init	4
../Core/Src/main.c:473:13:MX_USART1_UART_Init	5
../Core/Src/main.c:495:13:MX_GPIO_Init	1
../Core/Src/main.c:558:6:MPU_Config	1
../Core/Src/main.c:580:6:Error_Handler	1
