../Core/Src/main.c:84:5:_write	24	static
../Core/Src/main.c:91:13:uart_poll	16	static
../Core/Src/main.c:122:13:process_command	48	static
../Core/Src/main.c:176:13:center_all_servos	16	static
../Core/Src/main.c:186:5:main	16	static
../Core/Src/main.c:291:6:SystemClock_Config	120	static
../Core/Src/main.c:325:6:PeriphCommonClock_Config	200	static
../Core/Src/main.c:345:13:MX_ADC1_Init	48	static
../Core/Src/main.c:384:13:MX_ADC2_Init	40	static
../Core/Src/main.c:419:13:MX_ADC3_Init	40	static
../Core/Src/main.c:454:13:MX_I2C1_Init	8	static
../Core/Src/main.c:473:13:MX_USART1_UART_Init	8	static
../Core/Src/main.c:495:13:MX_GPIO_Init	56	static
../Core/Src/main.c:558:6:MPU_Config	24	static
../Core/Src/main.c:580:6:Error_Handler	4	static,ignoring_inline_asm
