<<<<<<< HEAD
FILE_TYPE=LIBRARY_PARTS;
PRIMITIVE 'GMR50HJAAFD5L00','GMR50HJAAFD5L00_Other';
  PIN
    '1':
      PIN_NUMBER='(1)';
      NO_LOAD_CHECK=BOTH;
      NO_IO_CHECK=BOTH;
      ALLOW_CONNECT=TRUE;
      PINUSE='UNSPEC';
    '2':
      PIN_NUMBER='(2)';
      NO_LOAD_CHECK=BOTH;
      NO_IO_CHECK=BOTH;
      ALLOW_CONNECT=TRUE;
      PINUSE='UNSPEC';
  END_PIN;
  BODY
    PART_NAME='GMR50HJAAFD5L00';
    PHYS_DES_PREFIX='R';
    NO_LOAD_CHECK='TRUE';
    PIN_COUNT='2';
    BODY_NAME='GMR50HJAAFD5L00';
    JEDEC_TYPE='GMR50HJAAFD5L00';
  END_BODY;
END_PRIMITIVE;
END.
=======
FILE_TYPE=LIBRARY_PARTS;
PRIMITIVE 'GMR50HJAAFD5L00','GMR50HJAAFD5L00_Other';
  PIN
    '1':
      PIN_NUMBER='(1)';
      NO_LOAD_CHECK=BOTH;
      NO_IO_CHECK=BOTH;
      ALLOW_CONNECT=TRUE;
      PINUSE='UNSPEC';
    '2':
      PIN_NUMBER='(2)';
      NO_LOAD_CHECK=BOTH;
      NO_IO_CHECK=BOTH;
      ALLOW_CONNECT=TRUE;
      PINUSE='UNSPEC';
  END_PIN;
  BODY
    PART_NAME='GMR50HJAAFD5L00';
    PHYS_DES_PREFIX='R';
    NO_LOAD_CHECK='TRUE';
    PIN_COUNT='2';
    BODY_NAME='GMR50HJAAFD5L00';
    JEDEC_TYPE='GMR50HJAAFD5L00';
  END_BODY;
END_PRIMITIVE;
END.
>>>>>>> 7204d024631a92f1eeee71486efcc9b5c7635952
