FILE_TYPE=LIBRARY_PARTS;
PRIMITIVE 'MGAH06033R3M_10','MGAH06033R3M_10_Inductors Precision Moulded';
  PIN
    '1':
      PIN_NUMBER='(1)';
      NO_LOAD_CHECK=BOTH;
      NO_IO_CHECK=BOTH;
      ALLOW_CONNECT=TRUE;
      PINUSE='UNSPEC';
    '2':
      PIN_NUMBER='(2)';
      NO_LOAD_CHECK=BOTH;
      NO_IO_CHECK=BOTH;
      ALLOW_CONNECT=TRUE;
      PINUSE='UNSPEC';
  END_PIN;
  BODY
    PART_NAME='MGAH06033R3M_10';
    PHYS_DES_PREFIX='L';
    NO_LOAD_CHECK='TRUE';
    PIN_COUNT='2';
    BODY_NAME='MGAH06033R3M_10';
    JEDEC_TYPE='INDPM7066X310N';
  END_BODY;
END_PRIMITIVE;
END.
