../Core/Src/main.c:82:9:platform_write	40	static
../Core/Src/main.c:89:9:platform_read	40	static
../Core/Src/main.c:96:5:_write	24	static
../Core/Src/main.c:106:9:is_valid_reading	24	static
../Core/Src/main.c:120:5:main	176	static
../Core/Src/main.c:294:6:SystemClock_Config	120	static
../Core/Src/main.c:348:6:PeriphCommonClock_Config	200	static
../Core/Src/main.c:375:13:MX_ADC1_Init	48	static
../Core/Src/main.c:444:13:MX_ADC2_Init	40	static
../Core/Src/main.c:504:13:MX_ADC3_Init	40	static
../Core/Src/main.c:564:13:MX_I2C1_Init	8	static
../Core/Src/main.c:612:13:MX_USART1_UART_Init	8	static
../Core/Src/main.c:660:13:MX_GPIO_Init	56	static
../Core/Src/main.c:757:6:MPU_Config	24	static
../Core/Src/main.c:788:6:Error_Handler	4	static,ignoring_inline_asm
