../Core/Src/main.c:35:5:_write	24	static
../Core/Src/main.c:42:5:main	16	static
../Core/Src/main.c:110:6:SystemClock_Config	120	static
../Core/Src/main.c:164:6:PeriphCommonClock_Config	200	static
../Core/Src/main.c:191:13:MX_ADC1_Init	48	static
../Core/Src/main.c:260:13:MX_ADC2_Init	40	static
../Core/Src/main.c:320:13:MX_ADC3_Init	40	static
../Core/Src/main.c:380:13:MX_I2C1_Init	8	static
../Core/Src/main.c:428:13:MX_USART1_UART_Init	8	static
../Core/Src/main.c:476:13:MX_GPIO_Init	56	static
../Core/Src/main.c:573:6:MPU_Config	24	static
../Core/Src/main.c:604:6:Error_Handler	4	static,ignoring_inline_asm
